// Jest Snapshot v1, https://goo.gl/fbAQLP

exports[`Character component renders Character 1`] = `
Array [
  <div>
    <span>
      STATUS
    </span>
    <p>
      Alive
    </p>
  </div>,
  <div>
    <span>
      SPECIES
    </span>
    <p>
      Human
    </p>
  </div>,
  <div>
    <span>
      GENDER
    </span>
    <p>
      Female
    </p>
  </div>,
  <div>
    <span>
      ORIGIN
    </span>
    <p>
      Earth
    </p>
  </div>,
  <div>
    <span>
      LAST LOCATION
    </span>
    <p>
      Mars
    </p>
  </div>,
]
`;
