// Jest Snapshot v1, https://goo.gl/fbAQLP

exports[`CharacterInfo component renders CharacterInfo 1`] = `
<Fragment>
  <InfoLine
    lineHead="STATUS"
    value="Alive"
  />
  <InfoLine
    lineHead="SPECIES"
    value="Human"
  />
  <InfoLine
    lineHead="GENDER"
    value="Female"
  />
  <InfoLine
    lineHead="ORIGIN"
    value="Earth"
  />
  <InfoLine
    lineHead="LAST LOCATION"
    value="Mars"
  />
</Fragment>
`;
